  application.cpp
  circleDecorator.cpp
D:\1`University\OOD1\lw1\lw1\circleDecorator.cpp(48,37): warning C4244: return: преобразование "double" в "float", возможна потеря данных
D:\1`University\OOD1\lw1\lw1\circleDecorator.cpp(52,18): warning C4244: return: преобразование "double" в "float", возможна потеря данных
  circleShape.cpp
  compositeShape.cpp
  convexDecorator.cpp
D:\1`University\OOD1\lw1\lw1\convexDecorator.cpp(47,24): warning C4244: +=: преобразование "double" в "float", возможна потеря данных
D:\1`University\OOD1\lw1\lw1\convexDecorator.cpp(48,24): warning C4244: +=: преобразование "double" в "float", возможна потеря данных
D:\1`University\OOD1\lw1\lw1\convexDecorator.cpp(49,24): warning C4244: +=: преобразование "double" в "float", возможна потеря данных
D:\1`University\OOD1\lw1\lw1\convexDecorator.cpp(57,14): warning C4244: инициализация: преобразование "double" в "float", возможна потеря данных
D:\1`University\OOD1\lw1\lw1\convexDecorator.cpp(58,14): warning C4244: инициализация: преобразование "double" в "float", возможна потеря данных
D:\1`University\OOD1\lw1\lw1\convexDecorator.cpp(59,14): warning C4244: инициализация: преобразование "double" в "float", возможна потеря данных
  convexShape.cpp
  handlers.cpp
D:\1`University\OOD1\lw1\lw1\handlers.cpp(55,76): warning C4244: аргумент: преобразование "int" в "T", возможна потеря данных
D:\1`University\OOD1\lw1\lw1\handlers.cpp(55,76): warning C4244:         with
D:\1`University\OOD1\lw1\lw1\handlers.cpp(55,76): warning C4244:         [
D:\1`University\OOD1\lw1\lw1\handlers.cpp(55,76): warning C4244:             T=float
D:\1`University\OOD1\lw1\lw1\handlers.cpp(55,76): warning C4244:         ]
D:\1`University\OOD1\lw1\lw1\handlers.cpp(55,55): warning C4244: аргумент: преобразование "int" в "T", возможна потеря данных
D:\1`University\OOD1\lw1\lw1\handlers.cpp(55,55): warning C4244:         with
D:\1`University\OOD1\lw1\lw1\handlers.cpp(55,55): warning C4244:         [
D:\1`University\OOD1\lw1\lw1\handlers.cpp(55,55): warning C4244:             T=float
D:\1`University\OOD1\lw1\lw1\handlers.cpp(55,55): warning C4244:         ]
D:\1`University\OOD1\lw1\lw1\handlers.cpp(78,15): warning C4267: инициализация: преобразование из "size_t" в "int"; возможна потеря данных
  parser.cpp
  rectangleDecorator.cpp
  rectangleShape.cpp
  Создание кода...
  lw1.vcxproj -> D:\1`University\OOD1\lw1\x64\Debug\lw1.exe
